2026-07-08 02:40:51,167 [INFO] ╔══════════════════════════════════════════════════════╗
2026-07-08 02:40:51,167 [INFO] ║       StratoCrypto v3.0 – Tri-Bot System            ║
2026-07-08 02:40:51,167 [INFO] ╚══════════════════════════════════════════════════════╝
2026-07-08 02:40:51,167 [INFO]   Bot 1 (Signals)   : ✅
2026-07-08 02:40:51,167 [INFO]   Bot 2 (Liquidity) : ✅
2026-07-08 02:40:51,168 [INFO]   Bot 3 (Predict)   : ✅
2026-07-08 02:40:51,168 [INFO]   Bot 4 (Master)    : ✅
2026-07-08 02:40:51,168 [INFO]   Order Book        : 100 levels
2026-07-08 02:40:51,168 [INFO]   Min Volume        : $5M
2026-07-08 02:40:51,168 [INFO]   Scan Interval     : 20 min
2026-07-08 02:40:51,168 [INFO]   Timezone          : Asia/Baghdad (UTC+3)
2026-07-08 02:40:51,169 [INFO] [ML] Multi-model ensemble loaded (MLP+RF+GBR+XGB+LR)
2026-07-08 02:40:56,361 [INFO] ============================================================
2026-07-08 02:40:56,361 [INFO] 🔍 Market scan at 2026-07-08 02:40 AST
2026-07-08 02:40:56,361 [INFO] ============================================================
2026-07-08 02:40:57,600 [INFO] [FILTER] 67 symbols >= $5M vol
2026-07-08 02:40:57,603 [INFO] Scanning 67 symbols...
2026-07-08 02:40:57,604 [INFO]   → AAVEUSDT
2026-07-08 02:40:57,604 [INFO]   → ADAUSDT
2026-07-08 02:40:57,606 [INFO]   → AIGENSYNUSDT
2026-07-08 02:40:57,607 [INFO]   → ALLOUSDT
2026-07-08 02:40:57,610 [INFO]   → AVAXUSDT
2026-07-08 02:41:01,254 [INFO]   → BANANAUSDT
2026-07-08 02:41:01,254 [INFO]   🎯 [AAVEUSDT] AI: 59
2026-07-08 02:41:02,512 [INFO]   → BCHUSDT
2026-07-08 02:41:02,530 [INFO]   → BLURUSDT
2026-07-08 02:41:02,698 [INFO]   → BNBUSDT
2026-07-08 02:41:02,704 [INFO]   → BONKUSDT
2026-07-08 02:41:02,750 [INFO]   🎯 [ALLOUSDT] AI: 74
2026-07-08 02:41:03,865 [INFO]   → BTCUSDT
2026-07-08 02:41:05,121 [INFO]   → CHIPUSDT
2026-07-08 02:41:05,283 [INFO]   → CRCLBUSDT
2026-07-08 02:41:05,427 [INFO]   → DASHUSDT
2026-07-08 02:41:05,428 [INFO]   🎯 [BLURUSDT] AI: 57
2026-07-08 02:41:05,454 [INFO]   → DEXEUSDT
2026-07-08 02:41:07,122 [INFO]   → DOGEUSDT
2026-07-08 02:41:07,764 [INFO]   → DOTUSDT
2026-07-08 02:41:07,843 [INFO]   → ENAUSDT
2026-07-08 02:41:07,843 [INFO]   🎯 [CRCLBUSDT] AI: 51
2026-07-08 02:41:08,012 [INFO]   → EPICUSDT
2026-07-08 02:41:08,013 [INFO]   🎯 [DASHUSDT] AI: 52
2026-07-08 02:41:08,477 [INFO]   → ETHUSDT
2026-07-08 02:41:08,478 [INFO]   🎯 [DEXEUSDT] AI: 64
2026-07-08 02:41:09,710 [INFO]   → EURUSDT
2026-07-08 02:41:10,514 [INFO]   → FDUSDUSDT
2026-07-08 02:41:10,580 [INFO]   → FETUSDT
2026-07-08 02:41:10,739 [INFO]   → GRAMUSDT
2026-07-08 02:41:10,739 [INFO]   🎯 [EPICUSDT] AI: 53
2026-07-08 02:41:11,189 [INFO]   → HBARUSDT
2026-07-08 02:41:12,432 [INFO]   → HMSTRUSDT
2026-07-08 02:41:12,433 [INFO]   🎯 [EURUSDT] AI: 50
2026-07-08 02:41:13,383 [INFO]   → JTOUSDT
2026-07-08 02:41:13,868 [INFO]   → LDOUSDT
2026-07-08 02:41:14,317 [INFO]   → LINKUSDT
2026-07-08 02:41:14,541 [INFO]   → LTCUSDT
2026-07-08 02:41:14,541 [INFO]   🎯 [HBARUSDT] AI: 50
2026-07-08 02:41:15,309 [INFO]   → MUBUSDT
2026-07-08 02:41:16,415 [INFO]   → NEARUSDT
2026-07-08 02:41:16,730 [INFO]   → ONDOUSDT
2026-07-08 02:41:17,203 [INFO]   → OPGUSDT
2026-07-08 02:41:17,445 [INFO]   → PAXGUSDT
2026-07-08 02:41:18,325 [INFO]   → PEPEUSDT
2026-07-08 02:41:18,325 [INFO]   🎯 [MUBUSDT] AI: 75
2026-07-08 02:41:19,215 [INFO]   → PUMPUSDT
2026-07-08 02:41:19,465 [INFO]   → REUSDT
2026-07-08 02:41:19,465 [INFO]   🎯 [ONDOUSDT] AI: 54
2026-07-08 02:41:19,869 [INFO]   → RLUSDUSDT
2026-07-08 02:41:19,869 [INFO]   🎯 [OPGUSDT] AI: 61
2026-07-08 02:41:20,141 [INFO]   → SENTUSDT
2026-07-08 02:41:21,528 [INFO]   → SNDKBUSDT
2026-07-08 02:41:21,960 [INFO]   → SOLUSDT
2026-07-08 02:41:22,172 [INFO]   → SPCXBUSDT
2026-07-08 02:41:22,602 [INFO]   → SPELLUSDT
2026-07-08 02:41:22,877 [INFO]   → SUIUSDT
2026-07-08 02:41:24,197 [INFO]   → SYNUSDT
2026-07-08 02:41:24,650 [INFO]   → TAOUSDT
2026-07-08 02:41:24,650 [INFO]   🎯 [SOLUSDT] AI: 68
2026-07-08 02:41:24,815 [INFO]   → TLMUSDT
2026-07-08 02:41:25,263 [INFO]   → TONUSDT
2026-07-08 02:41:25,264 [INFO]   🎯 [SPELLUSDT] AI: 53
2026-07-08 02:41:25,906 [INFO]   → TRUMPUSDT
2026-07-08 02:41:27,408 [INFO]   → TRXUSDT
2026-07-08 02:41:27,408 [INFO]   🎯 [SYNUSDT] AI: 53
2026-07-08 02:41:27,598 [INFO]   → UNIUSDT
2026-07-08 02:41:27,598 [INFO]   🎯 [TLMUSDT] AI: 56
2026-07-08 02:41:27,791 [INFO]   → USD1USDT
2026-07-08 02:41:28,023 [INFO]   → USDCUSDT
2026-07-08 02:41:29,178 [INFO]   → UTKUSDT
2026-07-08 02:41:30,722 [INFO]   → UUSDT
2026-07-08 02:41:30,725 [INFO]   → VANRYUSDT
2026-07-08 02:41:30,777 [INFO]   🎯 [TRXUSDT] AI: 51
2026-07-08 02:41:30,819 [INFO]   → WLDUSDT
2026-07-08 02:41:30,828 [INFO]   🎯 [USD1USDT] AI: 56
2026-07-08 02:41:31,742 [INFO]   → WLFIUSDT
2026-07-08 02:41:32,689 [INFO]   → XAUTUSDT
2026-07-08 02:41:32,689 [INFO]   🎯 [UTKUSDT] AI: 51
2026-07-08 02:41:34,791 [INFO]   → XLMUSDT
2026-07-08 02:41:34,791 [INFO]   🎯 [UUSDT] AI: 62
2026-07-08 02:41:34,809 [INFO]   → XPLUSDT
2026-07-08 02:41:34,842 [INFO]   🎯 [VANRYUSDT] AI: 69
2026-07-08 02:41:34,958 [INFO]   → XRPUSDT
2026-07-08 02:41:34,958 [INFO]   🎯 [WLDUSDT] AI: 71
2026-07-08 02:41:35,622 [INFO]   → XUSDUSDT
2026-07-08 02:41:36,661 [INFO]   → YFIUSDT
2026-07-08 02:41:38,231 [INFO]   → ZECUSDT
2026-07-08 02:41:38,284 [INFO]   → 币安人生USDT
2026-07-08 02:41:38,970 [INFO]   🎯 [XUSDUSDT] AI: 68
2026-07-08 02:41:41,958 [INFO]   🎯 [ZECUSDT] AI: 56
2026-07-08 02:42:42,988 [INFO] ✅ Scan | Bot1: 24 signals | Bot2: 28 alerts
2026-07-08 02:42:42,989 [INFO] ============================================================
2026-07-08 02:42:42,990 [INFO] 🔮 Bot 3 – Prediction scan at 2026-07-08 02:42 AST
2026-07-08 02:42:42,990 [INFO] ============================================================
2026-07-08 02:47:24,877 [INFO] ╔══════════════════════════════════════════════════════╗
2026-07-08 02:47:24,877 [INFO] ║       StratoCrypto v3.0 – Tri-Bot System            ║
2026-07-08 02:47:24,877 [INFO] ╚══════════════════════════════════════════════════════╝
2026-07-08 02:47:24,877 [INFO]   Bot 1 (Signals)   : ✅
2026-07-08 02:47:24,877 [INFO]   Bot 2 (Liquidity) : ✅
2026-07-08 02:47:24,877 [INFO]   Bot 3 (Predict)   : ✅
2026-07-08 02:47:24,877 [INFO]   Bot 4 (Master)    : ✅
2026-07-08 02:47:24,878 [INFO]   Order Book        : 100 levels
2026-07-08 02:47:24,878 [INFO]   Min Volume        : $5M
2026-07-08 02:47:24,878 [INFO]   Scan Interval     : 20 min
2026-07-08 02:47:24,878 [INFO]   Timezone          : Asia/Baghdad (UTC+3)
2026-07-08 02:47:24,878 [INFO] [ML] Multi-model ensemble loaded (MLP+RF+GBR+XGB+LR)
2026-07-08 02:47:30,072 [INFO] ============================================================
2026-07-08 02:47:30,073 [INFO] 🔍 Market scan at 2026-07-08 02:47 AST
2026-07-08 02:47:30,073 [INFO] ============================================================
2026-07-08 02:47:31,449 [INFO] [FILTER] 67 symbols >= $5M vol
2026-07-08 02:47:31,452 [INFO] Scanning 67 symbols...
2026-07-08 02:47:31,454 [INFO]   → AAVEUSDT
2026-07-08 02:47:31,456 [INFO]   → ADAUSDT
2026-07-08 02:47:31,457 [INFO]   → AIGENSYNUSDT
2026-07-08 02:47:31,459 [INFO]   → ALLOUSDT
2026-07-08 02:47:31,463 [INFO]   → AVAXUSDT
2026-07-08 02:47:35,029 [INFO]   → BANANAUSDT
2026-07-08 02:47:36,325 [INFO]   → BCHUSDT
2026-07-08 02:47:36,509 [INFO]   → BLURUSDT
2026-07-08 02:47:36,527 [INFO]   → BNBUSDT
2026-07-08 02:47:36,560 [INFO]   → BONKUSDT
2026-07-08 02:47:36,562 [INFO]   🎯 [AIGENSYNUSDT] AI: 62
2026-07-08 02:47:36,614 [INFO]   🎯 [ALLOUSDT] AI: 63
2026-07-08 02:47:38,122 [INFO]   → BTCUSDT
2026-07-08 02:47:38,123 [INFO]   🎯 [BANANAUSDT] AI: 57
2026-07-08 02:47:39,400 [INFO]   → CHIPUSDT
2026-07-08 02:47:39,465 [INFO]   → CRCLBUSDT
2026-07-08 02:47:39,549 [INFO]   → DASHUSDT
2026-07-08 02:47:39,694 [INFO]   → DEXEUSDT
2026-07-08 02:47:41,193 [INFO]   → DOGEUSDT
2026-07-08 02:47:41,193 [INFO]   🎯 [BTCUSDT] AI: 65
2026-07-08 02:47:42,068 [INFO]   → DOTUSDT
2026-07-08 02:47:42,077 [INFO]   → ENAUSDT
2026-07-08 02:47:42,128 [INFO]   🎯 [CRCLBUSDT] AI: 64
2026-07-08 02:47:42,309 [INFO]   → EPICUSDT
2026-07-08 02:47:42,309 [INFO]   🎯 [DEXEUSDT] AI: 76
2026-07-08 02:47:42,357 [INFO]   → ETHUSDT
2026-07-08 02:47:43,906 [INFO]   → EURUSDT
2026-07-08 02:47:43,908 [INFO]   🎯 [DOGEUSDT] AI: 51
2026-07-08 02:47:44,812 [INFO]   → FDUSDUSDT
2026-07-08 02:47:44,994 [INFO]   → FETUSDT
2026-07-08 02:47:44,994 [INFO]   🎯 [ENAUSDT] AI: 50
2026-07-08 02:47:45,009 [INFO]   → GRAMUSDT
2026-07-08 02:47:45,047 [INFO]   🎯 [EPICUSDT] AI: 69
2026-07-08 02:47:45,383 [INFO]   → HBARUSDT
2026-07-08 02:47:47,123 [INFO]   → HMSTRUSDT
2026-07-08 02:47:47,841 [INFO]   → JTOUSDT
2026-07-08 02:47:47,841 [INFO]   🎯 [FETUSDT] AI: 51
2026-07-08 02:47:47,962 [INFO]   → LDOUSDT
2026-07-08 02:47:48,044 [INFO]   → LINKUSDT
2026-07-08 02:47:48,184 [INFO]   → LTCUSDT
2026-07-08 02:47:48,184 [INFO]   🎯 [HBARUSDT] AI: 53
2026-07-08 02:47:49,744 [INFO]   → MUBUSDT
2026-07-08 02:47:50,624 [INFO]   → NEARUSDT
2026-07-08 02:47:50,797 [INFO]   → ONDOUSDT
2026-07-08 02:47:50,807 [INFO]   → OPGUSDT
2026-07-08 02:47:50,891 [INFO]   → PAXGUSDT
2026-07-08 02:47:50,915 [INFO]   🎯 [LDOUSDT] AI: 55
2026-07-08 02:47:52,371 [INFO]   → PEPEUSDT
2026-07-08 02:47:52,371 [INFO]   🎯 [MUBUSDT] AI: 68
2026-07-08 02:47:53,241 [INFO]   → PUMPUSDT
2026-07-08 02:47:53,408 [INFO]   → REUSDT
2026-07-08 02:47:53,408 [INFO]   🎯 [OPGUSDT] AI: 61
2026-07-08 02:47:53,442 [INFO]   → RLUSDUSDT
2026-07-08 02:47:53,472 [INFO]   🎯 [ONDOUSDT] AI: 54
2026-07-08 02:47:53,494 [INFO]   → SENTUSDT
2026-07-08 02:47:55,186 [INFO]   → SNDKBUSDT
2026-07-08 02:47:55,915 [INFO]   → SOLUSDT
2026-07-08 02:47:56,022 [INFO]   → SPCXBUSDT
2026-07-08 02:47:56,116 [INFO]   → SPELLUSDT
2026-07-08 02:47:56,148 [INFO]   → SUIUSDT
2026-07-08 02:47:57,781 [INFO]   → SYNUSDT
2026-07-08 02:47:57,781 [INFO]   🎯 [SNDKBUSDT] AI: 55
2026-07-08 02:47:58,732 [INFO]   → TAOUSDT
2026-07-08 02:47:58,732 [INFO]   🎯 [SPELLUSDT] AI: 58
2026-07-08 02:47:58,753 [INFO]   → TLMUSDT
2026-07-08 02:47:58,934 [INFO]   → TONUSDT
2026-07-08 02:47:59,015 [INFO]   → TRUMPUSDT
2026-07-08 02:47:59,015 [INFO]   🎯 [SOLUSDT] AI: 68
2026-07-08 02:48:00,381 [INFO]   → TRXUSDT
2026-07-08 02:48:00,381 [INFO]   🎯 [SYNUSDT] AI: 75
2026-07-08 02:48:01,512 [INFO]   → UNIUSDT
2026-07-08 02:48:01,753 [INFO]   → USD1USDT
2026-07-08 02:48:01,966 [INFO]   → USDCUSDT
2026-07-08 02:48:01,967 [INFO]   🎯 [TLMUSDT] AI: 76
2026-07-08 02:48:02,210 [INFO]   → UTKUSDT
2026-07-08 02:48:04,007 [INFO]   → UUSDT
2026-07-08 02:48:04,007 [INFO]   🎯 [TRXUSDT] AI: 51
2026-07-08 02:48:04,418 [INFO]   → VANRYUSDT
2026-07-08 02:48:04,418 [INFO]   🎯 [USD1USDT] AI: 56
2026-07-08 02:48:04,492 [INFO]   → WLDUSDT
2026-07-08 02:48:04,598 [INFO]   → WLFIUSDT
2026-07-08 02:48:04,598 [INFO]   🎯 [USDCUSDT] AI: 52
2026-07-08 02:48:04,849 [INFO]   → XAUTUSDT
2026-07-08 02:48:04,849 [INFO]   🎯 [UTKUSDT] AI: 51
2026-07-08 02:48:06,894 [INFO]   → XLMUSDT
2026-07-08 02:48:06,895 [INFO]   🎯 [UUSDT] AI: 62
2026-07-08 02:48:07,116 [INFO]   → XPLUSDT
2026-07-08 02:48:07,116 [INFO]   🎯 [VANRYUSDT] AI: 69
2026-07-08 02:48:07,298 [INFO]   → XRPUSDT
2026-07-08 02:48:07,358 [INFO]   → XUSDUSDT
2026-07-08 02:48:07,527 [INFO]   → YFIUSDT
2026-07-08 02:48:09,527 [INFO]   → ZECUSDT
2026-07-08 02:48:09,527 [INFO]   🎯 [XLMUSDT] AI: 65
2026-07-08 02:48:09,750 [INFO]   → 币安人生USDT
2026-07-08 02:48:09,947 [INFO]   🎯 [XUSDUSDT] AI: 68
2026-07-08 02:48:10,043 [INFO]   🎯 [XRPUSDT] AI: 55
2026-07-08 02:49:14,258 [INFO] ✅ Scan | Bot1: 29 signals | Bot2: 32 alerts
2026-07-08 02:49:14,259 [INFO] ============================================================
2026-07-08 02:49:14,259 [INFO] 🔮 Bot 3 – Prediction scan at 2026-07-08 02:49 AST
2026-07-08 02:49:14,259 [INFO] ============================================================
2026-07-08 02:51:54,017 [INFO] [FILTER] 67 symbols >= $5M vol
2026-07-08 02:51:54,017 [INFO] [INFO] USDT Pairs (qualified):
2026-07-08 02:51:54,017 [INFO]   • BTCUSDT
2026-07-08 02:51:54,017 [INFO]   • ETHUSDT
2026-07-08 02:51:54,017 [INFO]   • BNBUSDT
2026-07-08 02:51:54,017 [INFO]   • LTCUSDT
2026-07-08 02:51:54,018 [INFO]   • ADAUSDT
2026-07-08 02:51:54,018 [INFO]   • XRPUSDT
2026-07-08 02:51:54,018 [INFO]   • XLMUSDT
2026-07-08 02:51:54,018 [INFO]   • TRXUSDT
2026-07-08 02:51:54,018 [INFO]   • USDCUSDT
2026-07-08 02:51:54,018 [INFO]   • LINKUSDT
2026-07-08 02:51:54,018 [INFO]   • FETUSDT
2026-07-08 02:51:54,018 [INFO]   • ZECUSDT
2026-07-08 02:51:54,018 [INFO]   • DASHUSDT
2026-07-08 02:51:54,018 [INFO]   • DOGEUSDT
2026-07-08 02:51:54,018 [INFO]   • HBARUSDT
2026-07-08 02:51:54,018 [INFO]   • BCHUSDT
2026-07-08 02:51:54,019 [INFO]   • EURUSDT
2026-07-08 02:51:54,019 [INFO]   • SOLUSDT
2026-07-08 02:51:54,019 [INFO]   • YFIUSDT
2026-07-08 02:51:54,019 [INFO]   • DOTUSDT
2026-07-08 02:51:54,019 [INFO]   ... and 47 more USDT pairs
2026-07-08 02:53:17,048 [INFO] [BOT3] Verified 2676 predictions
2026-07-08 02:53:17,704 [INFO] [FILTER] 67 symbols >= $5M vol
2026-07-08 02:53:17,706 [INFO] [BOT3] Predicting 50 symbols x 1 TFs...
2026-07-08 02:53:49,988 [INFO] [BOT3] 10/50 symbols predicted
2026-07-08 02:54:11,170 [INFO] [BOT3] 20/50 symbols predicted
2026-07-08 02:54:32,635 [INFO] [BOT3] 30/50 symbols predicted
2026-07-08 02:55:03,525 [INFO] [BOT3] 40/50 symbols predicted
2026-07-08 02:55:16,697 [INFO] [BOT3] 50/50 symbols predicted
2026-07-08 02:55:50,576 [INFO] [BOT3] Complete | 7 coins > 3.0% | WR: 47.0%
2026-07-08 02:55:50,577 [INFO] ============================================================
2026-07-08 02:55:50,577 [INFO] 🏆 Bot 4 – Master scan at 2026-07-08 02:55 AST
2026-07-08 02:55:50,577 [INFO] ============================================================
2026-07-08 02:55:51,372 [INFO] [FILTER] 67 symbols >= $5M vol
2026-07-08 02:55:51,374 [INFO] [BOT4] Scanning 30 for 3-bot convergence...
2026-07-08 02:58:33,196 [INFO] [BOT4] 3 master signals found!
2026-07-08 02:58:43,764 [INFO] [BOT4] Complete | 3 master signals
2026-07-08 02:59:49,413 [INFO] [BOT3] Verified 2676 predictions
2026-07-08 02:59:50,057 [INFO] [FILTER] 67 symbols >= $5M vol
2026-07-08 02:59:50,058 [INFO] [BOT3] Predicting 50 symbols x 1 TFs...
